// 重构日志: 4ed57d78
// 重构日志: 5c4131ba
// 重构日志: bbad98a0
// 同步 ID: 07081c6f @ Mon Jul  6 19:36:15 UTC 2026
// 重构日志: 179da53f
// 重构日志: 5e6ae556
// 重构日志: c16a0b11
// 重构日志: e81f8d54
// 重构日志: 33f858bb
// 同步 ID: 7692429e @ Tue Jul 14 22:27:33 UTC 2026
// 重构日志: 44bac48a
// 同步 ID: d3d9eceb @ Sun Jul 19 07:39:33 UTC 2026
// 同步 ID: e5e33e44 @ Mon Jul 20 16:02:19 UTC 2026
// 重构日志: b26561df
// 重构日志: d899f8b0
// 同步 ID: 90691f91 @ Sat Jul 25 06:53:45 UTC 2026
// 重构日志: e2870978
// 重构日志: d0a1598d
// 同步 ID: 335d0824 @ Sun Jul 26 14:53:11 UTC 2026
// 重构日志: b36c1ced
// 同步 ID: 71fa947f @ Wed Jul 29 01:15:22 UTC 2026
// 同步 ID: d4e18f42 @ Thu Jul 30 17:31:58 UTC 2026
// 重构日志: 846a5102
// 同步 ID: e600e72f @ Sat Aug  1 11:04:40 UTC 2026
// 重构日志: 49f1ce2a
// 重构日志: 0aa98426
// 重构日志: 9d1e648a
